PASS: ablHill3d_ii............................    10.8110s 8.1716e-16 3.6360e-11
PASS: ablHill3d_ip............................    10.6031s 2.3900e-17 6.7968e-13
FAIL: ablHill3d_pp............................    14.4824s 3.4860e-09 6.2759e-04
PASS: ablNeutralEdge..........................    24.0670s 5.7264e-11 1.7634e-08
PASS: ablNeutralEdgeSegregated................    19.0737s 5.3153e-11 3.5077e-08
PASS: ablNeutralNGPHypre......................   193.3210s 7.3769e-11 3.1688e-08
PASS: ablNeutralNGPHypreSegregated............   127.4370s 7.3638e-11 3.1630e-08
PASS: ablNeutralNGPTrilinos...................   102.2160s 7.5264e-11 1.6939e-08
PASS: ablStableEdge...........................    21.8297s 1.2750e-10 9.4271e-11
PASS: ablStableElem...........................    67.0021s 1.4831e-10 1.1600e-10
PASS: ablUnstableEdge.........................    22.7191s 5.7881e-11 3.3246e-11
PASS: ablUnstableEdge_ra......................    23.1792s 2.6735e-11 2.7737e-11
PASS: ActLineSimple...........................    15.6629s 5.1790e-18 3.1253e-12
PASS: ActLineSimpleFLLC.......................    15.2843s 8.8515e-19 3.4039e-13
PASS: ActLineSimpleNGP........................    24.2873s 6.2291e-18 4.1868e-12
PASS: airfoilRANSEdgeNGPHypre.rst.............    23.6712s 2.3622e-12 4.8279e-11
PASS: airfoilRANSEdgeNGPTrilinos.rst..........    47.0754s 2.4541e-12 4.9839e-11
PASS: amsChannelEdge..........................     5.6857s 9.0949e-12 4.1966e-14
PASS: conduction_p4...........................    31.7248s 4.0658e-19 1.7764e-15
PASS: dgMMS...................................    13.2704s 6.0548e-21 3.2086e-03
PASS: dgNonConformal..........................     0.6632s 4.3564e-16 9.9049e-02
PASS: dgNonConformal3dFluids..................    34.9177s 6.2450e-17 9.3037e-14
PASS: dgNonConformal3dFluidsHexTet............    40.1598s 3.4694e-17 1.0636e-13
PASS: dgNonConformalEdge......................     0.7228s 3.9554e-18 7.8552e-02
PASS: dgNonConformalFluids....................    16.5351s 1.2079e-13 2.4047e-13
PASS: dgNonConformalFluidsEdge................    13.8164s 1.8474e-12 8.8374e-13
FAIL: dgNonConformalThreeBlade................    41.9043s 1.1207e-10 1.6860e-06
FAIL: drivenCavity_p1.........................    30.8286s 1.1375e-12 1.3431e-05
PASS: ekmanSpiral.............................     3.5486s 1.9229e-15 4.3043e-13
PASS: ekmanSpiralConsolidated.................    12.8071s 3.6793e-15 9.1283e-13
PASS: elemBackStepLRSST.......................     1.0546s 3.3085e-14 4.7740e-14
PASS: femHC...................................     0.9836s 2.3044e-17 5.7992e-02
PASS: femHCGL.................................     1.1013s 6.8893e-17 7.8959e-02
PASS: heatedBackStep..........................    63.5259s 3.3773e-17 1.7142e-13
PASS: heatedWaterChannelEdge..................     4.4120s 3.7598e-08 1.5266e-09
PASS: heatedWaterChannelElem..................     5.3924s 3.8433e-08 2.4758e-10
FAIL: IDDESPeriodicHillEdge...................   151.8710s 1.0118e-08 5.0478e-07
PASS: milestoneRun............................    32.2090s 4.9960e-16 2.6645e-15
PASS: milestoneRunConsolidated................    32.9431s 3.9968e-15 2.9976e-15
PASS: movingCylinder..........................     3.0491s 1.0132e-12 1.0127e-12
PASS: nonIsoEdgeOpenJet.......................     6.4898s 5.1500e-19 3.5527e-15
PASS: nonIsoElemOpenJet.......................    17.0326s 2.0329e-19 2.3315e-15
PASS: nonIsoElemOpenJetConsolidated...........    15.7178s 1.8974e-19 1.4433e-15
PASS: nonIsoNonUniformEdgeOpenJet.............    17.7099s 1.3878e-16 7.8826e-15
PASS: nonIsoNonUniformElemOpenJet.............    44.9235s 1.1796e-16 6.7724e-15
PASS: oversetCylNGPTrilinos...................    23.7621s 7.3563e-17 2.9698e-13
PASS: oversetRotCylinder......................    46.7738s 1.2143e-17 2.8511e-13
PASS: oversetRotCylinderHypre.................    65.0142s 5.8077e-11 7.8027e-08
PASS: oversetRotCylMultiRealm.................    32.0415s 2.4286e-17 1.7097e-14
PASS: oversetRotCylNGPHypre...................    34.1683s 3.3751e-16 1.1084e-12
PASS: oversetRotCylNGPTrilinos................    44.3152s 1.1601e-16 3.8525e-13
PASS: oversetSphereTIOGA......................    62.3679s 1.6263e-18 5.6621e-15
PASS: SSTAMSChannelEdge.......................     4.9421s 9.0949e-13 4.3703e-12
PASS: SSTAMSOversetRotCylinder................    69.1259s 2.3592e-16 1.3656e-14
PASS: SSTChannelEdge..........................     9.3173s 9.0949e-13 4.0246e-12
FAIL: SSTPeriodicHillEdge.....................   151.3930s 2.0884e-09 1.1462e-07
PASS: SSTWallHumpEdge.........................    54.8525s 8.0094e-07 7.0175e-12
PASS: steadyTaylorVortex......................    36.8672s 2.8314e-17 8.1385e-09
PASS: taylorGreenVortex_p3....................    36.9541s 1.1691e-15 5.2730e-10
PASS: variableDensNonIso......................    29.3082s 2.5940e-21 5.5111e-13
PASS: variableDensNonUniform..................    12.8621s 2.9646e-21 4.3854e-14
PASS: vortexOpen..............................     8.5774s 1.3678e-13 1.9557e-11
